<?xml version="1.0"?>
<link_info>
   <banner>TI ARM Linker PC v5.1.1</banner>
   <copyright>Copyright (c) 1996-2013 Texas Instruments Incorporated</copyright>
   <link_time>0x53051566</link_time>
   <link_errors>0x0</link_errors>
   <output_file>NokiaSPI.out</output_file>
   <entry_point>
      <name>_c_int00</name>
      <address>0x5d74</address>
   </entry_point>
   <input_file_list>
      <input_file id="fl-2">
         <path>.\source\</path>
         <kind>object</kind>
         <file>system.obj</file>
         <name>system.obj</name>
      </input_file>
      <input_file id="fl-3">
         <path>.\source\</path>
         <kind>object</kind>
         <file>sys_vim.obj</file>
         <name>sys_vim.obj</name>
      </input_file>
      <input_file id="fl-4">
         <path>.\source\</path>
         <kind>object</kind>
         <file>sys_startup.obj</file>
         <name>sys_startup.obj</name>
      </input_file>
      <input_file id="fl-5">
         <path>.\source\</path>
         <kind>object</kind>
         <file>sys_selftest.obj</file>
         <name>sys_selftest.obj</name>
      </input_file>
      <input_file id="fl-6">
         <path>.\source\</path>
         <kind>object</kind>
         <file>sys_pmu.obj</file>
         <name>sys_pmu.obj</name>
      </input_file>
      <input_file id="fl-7">
         <path>.\source\</path>
         <kind>object</kind>
         <file>sys_phantom.obj</file>
         <name>sys_phantom.obj</name>
      </input_file>
      <input_file id="fl-8">
         <path>.\source\</path>
         <kind>object</kind>
         <file>sys_pcr.obj</file>
         <name>sys_pcr.obj</name>
      </input_file>
      <input_file id="fl-9">
         <path>.\source\</path>
         <kind>object</kind>
         <file>sys_mpu.obj</file>
         <name>sys_mpu.obj</name>
      </input_file>
      <input_file id="fl-a">
         <path>.\source\</path>
         <kind>object</kind>
         <file>sys_main.obj</file>
         <name>sys_main.obj</name>
      </input_file>
      <input_file id="fl-b">
         <path>.\source\</path>
         <kind>object</kind>
         <file>sys_intvecs.obj</file>
         <name>sys_intvecs.obj</name>
      </input_file>
      <input_file id="fl-c">
         <path>.\source\</path>
         <kind>object</kind>
         <file>sys_core.obj</file>
         <name>sys_core.obj</name>
      </input_file>
      <input_file id="fl-d">
         <path>.\source\</path>
         <kind>object</kind>
         <file>spi.obj</file>
         <name>spi.obj</name>
      </input_file>
      <input_file id="fl-e">
         <path>.\source\</path>
         <kind>object</kind>
         <file>rti.obj</file>
         <name>rti.obj</name>
      </input_file>
      <input_file id="fl-f">
         <path>.\source\</path>
         <kind>object</kind>
         <file>pinmux.obj</file>
         <name>pinmux.obj</name>
      </input_file>
      <input_file id="fl-10">
         <path>.\source\</path>
         <kind>object</kind>
         <file>notification.obj</file>
         <name>notification.obj</name>
      </input_file>
      <input_file id="fl-11">
         <path>.\source\</path>
         <kind>object</kind>
         <file>lin.obj</file>
         <name>lin.obj</name>
      </input_file>
      <input_file id="fl-12">
         <path>.\source\</path>
         <kind>object</kind>
         <file>het.obj</file>
         <name>het.obj</name>
      </input_file>
      <input_file id="fl-13">
         <path>.\source\</path>
         <kind>object</kind>
         <file>gio.obj</file>
         <name>gio.obj</name>
      </input_file>
      <input_file id="fl-14">
         <path>.\source\</path>
         <kind>object</kind>
         <file>esm.obj</file>
         <name>esm.obj</name>
      </input_file>
      <input_file id="fl-15">
         <path>.\source\</path>
         <kind>object</kind>
         <file>eqep.obj</file>
         <name>eqep.obj</name>
      </input_file>
      <input_file id="fl-16">
         <path>.\source\</path>
         <kind>object</kind>
         <file>dabort.obj</file>
         <name>dabort.obj</name>
      </input_file>
      <input_file id="fl-17">
         <path>.\source\</path>
         <kind>object</kind>
         <file>crc.obj</file>
         <name>crc.obj</name>
      </input_file>
      <input_file id="fl-18">
         <path>.\</path>
         <kind>object</kind>
         <file>NokiaLibTxt.obj</file>
         <name>NokiaLibTxt.obj</name>
      </input_file>
      <input_file id="fl-19">
         <path>.\</path>
         <kind>object</kind>
         <file>NokiaLib.obj</file>
         <name>NokiaLib.obj</name>
      </input_file>
      <input_file id="fl-146">
         <path>C:\ti\ccsv5\tools\compiler\arm_5.1.1\lib\</path>
         <kind>archive</kind>
         <file>rtsv7R4_A_le_eabi.lib</file>
         <name>auto_init.obj</name>
      </input_file>
      <input_file id="fl-147">
         <path>C:\ti\ccsv5\tools\compiler\arm_5.1.1\lib\</path>
         <kind>archive</kind>
         <file>rtsv7R4_A_le_eabi.lib</file>
         <name>copy_decompress_none.obj</name>
      </input_file>
      <input_file id="fl-148">
         <path>C:\ti\ccsv5\tools\compiler\arm_5.1.1\lib\</path>
         <kind>archive</kind>
         <file>rtsv7R4_A_le_eabi.lib</file>
         <name>copy_decompress_rle.obj</name>
      </input_file>
      <input_file id="fl-149">
         <path>C:\ti\ccsv5\tools\compiler\arm_5.1.1\lib\</path>
         <kind>archive</kind>
         <file>rtsv7R4_A_le_eabi.lib</file>
         <name>copy_zero_init.obj</name>
      </input_file>
      <input_file id="fl-14a">
         <path>C:\ti\ccsv5\tools\compiler\arm_5.1.1\lib\</path>
         <kind>archive</kind>
         <file>rtsv7R4_A_le_eabi.lib</file>
         <name>cpy_tbl.obj</name>
      </input_file>
      <input_file id="fl-14b">
         <path>C:\ti\ccsv5\tools\compiler\arm_5.1.1\lib\</path>
         <kind>archive</kind>
         <file>rtsv7R4_A_le_eabi.lib</file>
         <name>exit.obj</name>
      </input_file>
      <input_file id="fl-14c">
         <path>C:\ti\ccsv5\tools\compiler\arm_5.1.1\lib\</path>
         <kind>archive</kind>
         <file>rtsv7R4_A_le_eabi.lib</file>
         <name>fd_div32.obj</name>
      </input_file>
      <input_file id="fl-14d">
         <path>C:\ti\ccsv5\tools\compiler\arm_5.1.1\lib\</path>
         <kind>archive</kind>
         <file>rtsv7R4_A_le_eabi.lib</file>
         <name>fd_mul32.obj</name>
      </input_file>
      <input_file id="fl-14e">
         <path>C:\ti\ccsv5\tools\compiler\arm_5.1.1\lib\</path>
         <kind>archive</kind>
         <file>rtsv7R4_A_le_eabi.lib</file>
         <name>fd_tou32.obj</name>
      </input_file>
      <input_file id="fl-14f">
         <path>C:\ti\ccsv5\tools\compiler\arm_5.1.1\lib\</path>
         <kind>archive</kind>
         <file>rtsv7R4_A_le_eabi.lib</file>
         <name>memcpy32.obj</name>
      </input_file>
      <input_file id="fl-150">
         <path>C:\ti\ccsv5\tools\compiler\arm_5.1.1\lib\</path>
         <kind>archive</kind>
         <file>rtsv7R4_A_le_eabi.lib</file>
         <name>u_tofd32.obj</name>
      </input_file>
      <input_file id="fl-151">
         <path>C:\ti\ccsv5\tools\compiler\arm_5.1.1\lib\</path>
         <kind>archive</kind>
         <file>rtsv7R4_A_le_eabi.lib</file>
         <name>_lock.obj</name>
      </input_file>
   </input_file_list>
   <object_component_list>
      <object_component id="oc-30">
         <name>.intvecs</name>
         <load_address>0x0</load_address>
         <run_address>0x0</run_address>
         <size>0x20</size>
         <input_file_ref idref="fl-b"/>
      </object_component>
      <object_component id="oc-47">
         <name>.text</name>
         <load_address>0x20</load_address>
         <run_address>0x20</run_address>
         <size>0x2064</size>
         <input_file_ref idref="fl-5"/>
      </object_component>
      <object_component id="oc-c9">
         <name>.text</name>
         <load_address>0x2084</load_address>
         <run_address>0x2084</run_address>
         <size>0x960</size>
         <input_file_ref idref="fl-d"/>
      </object_component>
      <object_component id="oc-bf">
         <name>.text</name>
         <load_address>0x29e4</load_address>
         <run_address>0x29e4</run_address>
         <size>0x944</size>
         <input_file_ref idref="fl-12"/>
      </object_component>
      <object_component id="oc-20">
         <name>.text</name>
         <load_address>0x3328</load_address>
         <run_address>0x3328</run_address>
         <size>0x874</size>
         <input_file_ref idref="fl-3"/>
      </object_component>
      <object_component id="oc-c4">
         <name>.text</name>
         <load_address>0x3b9c</load_address>
         <run_address>0x3b9c</run_address>
         <size>0x658</size>
         <input_file_ref idref="fl-e"/>
      </object_component>
      <object_component id="oc-4c">
         <name>.text</name>
         <load_address>0x41f4</load_address>
         <run_address>0x41f4</run_address>
         <size>0x620</size>
         <input_file_ref idref="fl-14"/>
      </object_component>
      <object_component id="oc-9d">
         <name>.text</name>
         <load_address>0x4814</load_address>
         <run_address>0x4814</run_address>
         <size>0x5e4</size>
         <input_file_ref idref="fl-19"/>
      </object_component>
      <object_component id="oc-ba">
         <name>.text</name>
         <load_address>0x4df8</load_address>
         <run_address>0x4df8</run_address>
         <size>0x484</size>
         <input_file_ref idref="fl-13"/>
      </object_component>
      <object_component id="oc-3e">
         <name>.text</name>
         <load_address>0x527c</load_address>
         <run_address>0x527c</run_address>
         <size>0x340</size>
         <input_file_ref idref="fl-c"/>
      </object_component>
      <object_component id="oc-42">
         <name>.text</name>
         <load_address>0x55bc</load_address>
         <run_address>0x55bc</run_address>
         <size>0x2f4</size>
         <input_file_ref idref="fl-2"/>
      </object_component>
      <object_component id="oc-1f">
         <name>.text:retain</name>
         <load_address>0x58b0</load_address>
         <run_address>0x58b0</run_address>
         <size>0x278</size>
         <input_file_ref idref="fl-3"/>
      </object_component>
      <object_component id="oc-ce">
         <name>.text</name>
         <load_address>0x5b28</load_address>
         <run_address>0x5b28</run_address>
         <size>0x24c</size>
         <input_file_ref idref="fl-18"/>
      </object_component>
      <object_component id="oc-b">
         <name>.text:retain</name>
         <load_address>0x5d74</load_address>
         <run_address>0x5d74</run_address>
         <size>0x1b8</size>
         <input_file_ref idref="fl-4"/>
      </object_component>
      <object_component id="oc-177">
         <name>.text</name>
         <load_address>0x5f2c</load_address>
         <run_address>0x5f2c</run_address>
         <size>0x190</size>
         <input_file_ref idref="fl-14c"/>
      </object_component>
      <object_component id="oc-60">
         <name>.text</name>
         <load_address>0x60bc</load_address>
         <run_address>0x60bc</run_address>
         <size>0x180</size>
         <input_file_ref idref="fl-14f"/>
      </object_component>
      <object_component id="oc-39">
         <name>.text:retain</name>
         <load_address>0x623c</load_address>
         <run_address>0x623c</run_address>
         <size>0x130</size>
         <input_file_ref idref="fl-14"/>
      </object_component>
      <object_component id="oc-173">
         <name>.text</name>
         <load_address>0x636c</load_address>
         <run_address>0x636c</run_address>
         <size>0x128</size>
         <input_file_ref idref="fl-14d"/>
      </object_component>
      <object_component id="oc-98">
         <name>.text</name>
         <load_address>0x6494</load_address>
         <run_address>0x6494</run_address>
         <size>0xe8</size>
         <input_file_ref idref="fl-16"/>
      </object_component>
      <object_component id="oc-7e">
         <name>.text</name>
         <load_address>0x657c</load_address>
         <run_address>0x657c</run_address>
         <size>0xe0</size>
         <input_file_ref idref="fl-10"/>
      </object_component>
      <object_component id="oc-51">
         <name>.text</name>
         <load_address>0x665c</load_address>
         <run_address>0x665c</run_address>
         <size>0xd4</size>
         <input_file_ref idref="fl-146"/>
      </object_component>
      <object_component id="oc-a5">
         <name>.text</name>
         <load_address>0x6730</load_address>
         <run_address>0x6730</run_address>
         <size>0xc0</size>
         <input_file_ref idref="fl-f"/>
      </object_component>
      <object_component id="oc-72">
         <name>.text</name>
         <load_address>0x67f0</load_address>
         <run_address>0x67f0</run_address>
         <size>0x98</size>
         <input_file_ref idref="fl-148"/>
      </object_component>
      <object_component id="oc-b4">
         <name>.text</name>
         <load_address>0x6888</load_address>
         <run_address>0x6888</run_address>
         <size>0x80</size>
         <input_file_ref idref="fl-14a"/>
      </object_component>
      <object_component id="oc-5a">
         <name>.text</name>
         <load_address>0x6908</load_address>
         <run_address>0x6908</run_address>
         <size>0x78</size>
         <input_file_ref idref="fl-14b"/>
      </object_component>
      <object_component id="oc-17b">
         <name>.text</name>
         <load_address>0x6980</load_address>
         <run_address>0x6980</run_address>
         <size>0x5c</size>
         <input_file_ref idref="fl-14e"/>
      </object_component>
      <object_component id="oc-55">
         <name>.text</name>
         <load_address>0x69dc</load_address>
         <run_address>0x69dc</run_address>
         <size>0x40</size>
         <input_file_ref idref="fl-a"/>
      </object_component>
      <object_component id="oc-16f">
         <name>.text</name>
         <load_address>0x6a1c</load_address>
         <run_address>0x6a1c</run_address>
         <size>0x34</size>
         <input_file_ref idref="fl-150"/>
      </object_component>
      <object_component id="oc-34">
         <name>.text:retain</name>
         <load_address>0x6a50</load_address>
         <run_address>0x6a50</run_address>
         <size>0x24</size>
         <input_file_ref idref="fl-e"/>
      </object_component>
      <object_component id="oc-1a7">
         <name>.text</name>
         <load_address>0x6a74</load_address>
         <run_address>0x6a74</run_address>
         <size>0x24</size>
         <input_file_ref idref="fl-151"/>
      </object_component>
      <object_component id="oc-15">
         <name>.text:decompress:ZI</name>
         <load_address>0x6a98</load_address>
         <run_address>0x6a98</run_address>
         <size>0x20</size>
         <input_file_ref idref="fl-149"/>
      </object_component>
      <object_component id="oc-10">
         <name>.text:decompress:none</name>
         <load_address>0x6ab8</load_address>
         <run_address>0x6ab8</run_address>
         <size>0x14</size>
         <input_file_ref idref="fl-147"/>
      </object_component>
      <object_component id="oc-1a">
         <name>.text:decompress:rle24</name>
         <load_address>0x6acc</load_address>
         <run_address>0x6acc</run_address>
         <size>0x8</size>
         <input_file_ref idref="fl-148"/>
      </object_component>
      <object_component id="oc-29">
         <name>.text:retain</name>
         <load_address>0x6ad4</load_address>
         <run_address>0x6ad4</run_address>
         <size>0x4</size>
         <input_file_ref idref="fl-7"/>
      </object_component>
      <object_component id="oc-17f">
         <name>.const:het1PROGRAM</name>
         <load_address>0x6ad8</load_address>
         <run_address>0x6ad8</run_address>
         <size>0x3a0</size>
         <input_file_ref idref="fl-12"/>
      </object_component>
      <object_component id="oc-2a">
         <name>.const:s_vim_init</name>
         <load_address>0x6e78</load_address>
         <run_address>0x6e78</run_address>
         <size>0x204</size>
         <input_file_ref idref="fl-3"/>
      </object_component>
      <object_component id="oc-12f">
         <name>.const:.string:$P$T0$1</name>
         <load_address>0x707c</load_address>
         <run_address>0x707c</run_address>
         <size>0x1f8</size>
         <input_file_ref idref="fl-19"/>
      </object_component>
      <object_component id="oc-131">
         <name>.const:.string:$P$T1$2</name>
         <load_address>0x7274</load_address>
         <run_address>0x7274</run_address>
         <size>0x1f8</size>
         <input_file_ref idref="fl-19"/>
      </object_component>
      <object_component id="oc-195">
         <name>.const:ASCII</name>
         <load_address>0x746c</load_address>
         <run_address>0x746c</run_address>
         <size>0x1e0</size>
         <input_file_ref idref="fl-18"/>
      </object_component>
      <object_component id="oc-181">
         <name>.const</name>
         <load_address>0x764c</load_address>
         <run_address>0x764c</run_address>
         <size>0x20</size>
         <input_file_ref idref="fl-12"/>
      </object_component>
      <object_component id="oc-211">
         <name>.cinit..data.load</name>
         <load_address>0x7670</load_address>
         <run_address>0x7670</run_address>
         <size>0x2e</size>
      </object_component>
      <object_component id="oc-20e">
         <name>__TI_handler_table</name>
         <load_address>0x76a0</load_address>
         <run_address>0x76a0</run_address>
         <size>0xc</size>
      </object_component>
      <object_component id="oc-210">
         <name>.cinit..bss.load</name>
         <load_address>0x76b0</load_address>
         <run_address>0x76b0</run_address>
         <size>0x8</size>
      </object_component>
      <object_component id="oc-20f">
         <name>__TI_cinit_table</name>
         <load_address>0x76b8</load_address>
         <run_address>0x76b8</run_address>
         <size>0x10</size>
      </object_component>
      <object_component id="oc-12d">
         <name>.bss:displayBuffer</name>
         <uninitialized>true</uninitialized>
         <run_address>0x8001500</run_address>
         <size>0x1f8</size>
         <input_file_ref idref="fl-19"/>
      </object_component>
      <object_component id="oc-18c">
         <name>.bss:g_spiPacket_t</name>
         <uninitialized>true</uninitialized>
         <run_address>0x80016f8</run_address>
         <size>0x60</size>
         <input_file_ref idref="fl-d"/>
      </object_component>
      <object_component id="oc-12a">
         <name>.common:config</name>
         <uninitialized>true</uninitialized>
         <run_address>0x8001758</run_address>
         <size>0xc</size>
      </object_component>
      <object_component id="oc-d3">
         <name>.data</name>
         <load_address>0x8001764</load_address>
         <run_address>0x8001764</run_address>
         <size>0x1d</size>
         <input_file_ref idref="fl-a"/>
      </object_component>
      <object_component id="oc-d6">
         <name>.data</name>
         <load_address>0x8001784</load_address>
         <run_address>0x8001784</run_address>
         <size>0x8</size>
         <input_file_ref idref="fl-151"/>
      </object_component>
      <object_component id="oc-d8">
         <name>.data</name>
         <load_address>0x800178c</load_address>
         <run_address>0x800178c</run_address>
         <size>0x8</size>
         <input_file_ref idref="fl-14b"/>
      </object_component>
      <object_component id="oc-12b">
         <name>.data</name>
         <load_address>0x8001794</load_address>
         <run_address>0x8001794</run_address>
         <size>0x4</size>
         <input_file_ref idref="fl-19"/>
      </object_component>
      <object_component id="oc-197">
         <name>.data</name>
         <load_address>0x8001798</load_address>
         <run_address>0x8001798</run_address>
         <size>0x4</size>
         <input_file_ref idref="fl-18"/>
      </object_component>
      <object_component id="oc-c">
         <name>.debug_info</name>
         <load_address>0x0</load_address>
         <run_address>0x0</run_address>
         <size>0x407</size>
         <input_file_ref idref="fl-4"/>
      </object_component>
      <object_component id="oc-14">
         <name>.debug_info</name>
         <load_address>0x407</load_address>
         <run_address>0x407</run_address>
         <size>0x1a9</size>
         <input_file_ref idref="fl-147"/>
      </object_component>
      <object_component id="oc-17">
         <name>.debug_info</name>
         <load_address>0x5b0</load_address>
         <run_address>0x5b0</run_address>
         <size>0x17f</size>
         <input_file_ref idref="fl-149"/>
      </object_component>
      <object_component id="oc-1d">
         <name>.debug_info</name>
         <load_address>0x72f</load_address>
         <run_address>0x72f</run_address>
         <size>0x1a3</size>
         <input_file_ref idref="fl-148"/>
      </object_component>
      <object_component id="oc-21">
         <name>.debug_info</name>
         <load_address>0x8d2</load_address>
         <run_address>0x8d2</run_address>
         <size>0x45a</size>
         <input_file_ref idref="fl-3"/>
      </object_component>
      <object_component id="oc-25">
         <name>.debug_info</name>
         <load_address>0xd2c</load_address>
         <run_address>0xd2c</run_address>
         <size>0x1e3</size>
         <input_file_ref idref="fl-3"/>
      </object_component>
      <object_component id="oc-2b">
         <name>.debug_info</name>
         <load_address>0xf0f</load_address>
         <run_address>0xf0f</run_address>
         <size>0xc8</size>
         <input_file_ref idref="fl-3"/>
      </object_component>
      <object_component id="oc-2c">
         <name>.debug_info</name>
         <load_address>0xfd7</load_address>
         <run_address>0xfd7</run_address>
         <size>0x120</size>
         <input_file_ref idref="fl-7"/>
      </object_component>
      <object_component id="oc-31">
         <name>.debug_info</name>
         <load_address>0x10f7</load_address>
         <run_address>0x10f7</run_address>
         <size>0xf4</size>
         <input_file_ref idref="fl-b"/>
      </object_component>
      <object_component id="oc-35">
         <name>.debug_info</name>
         <load_address>0x11eb</load_address>
         <run_address>0x11eb</run_address>
         <size>0x129</size>
         <input_file_ref idref="fl-e"/>
      </object_component>
      <object_component id="oc-3a">
         <name>.debug_info</name>
         <load_address>0x1314</load_address>
         <run_address>0x1314</run_address>
         <size>0x18b</size>
         <input_file_ref idref="fl-14"/>
      </object_component>
      <object_component id="oc-3f">
         <name>.debug_info</name>
         <load_address>0x149f</load_address>
         <run_address>0x149f</run_address>
         <size>0x7a3</size>
         <input_file_ref idref="fl-c"/>
      </object_component>
      <object_component id="oc-43">
         <name>.debug_info</name>
         <load_address>0x1c42</load_address>
         <run_address>0x1c42</run_address>
         <size>0x420</size>
         <input_file_ref idref="fl-2"/>
      </object_component>
      <object_component id="oc-48">
         <name>.debug_info</name>
         <load_address>0x2062</load_address>
         <run_address>0x2062</run_address>
         <size>0x2103</size>
         <input_file_ref idref="fl-5"/>
      </object_component>
      <object_component id="oc-4d">
         <name>.debug_info</name>
         <load_address>0x4165</load_address>
         <run_address>0x4165</run_address>
         <size>0xb17</size>
         <input_file_ref idref="fl-14"/>
      </object_component>
      <object_component id="oc-54">
         <name>.debug_info</name>
         <load_address>0x4c7c</load_address>
         <run_address>0x4c7c</run_address>
         <size>0x155</size>
         <input_file_ref idref="fl-146"/>
      </object_component>
      <object_component id="oc-56">
         <name>.debug_info</name>
         <load_address>0x4dd1</load_address>
         <run_address>0x4dd1</run_address>
         <size>0x197</size>
         <input_file_ref idref="fl-a"/>
      </object_component>
      <object_component id="oc-5d">
         <name>.debug_info</name>
         <load_address>0x4f68</load_address>
         <run_address>0x4f68</run_address>
         <size>0x1d7</size>
         <input_file_ref idref="fl-14b"/>
      </object_component>
      <object_component id="oc-61">
         <name>.debug_info</name>
         <load_address>0x513f</load_address>
         <run_address>0x513f</run_address>
         <size>0x14c</size>
         <input_file_ref idref="fl-14f"/>
      </object_component>
      <object_component id="oc-65">
         <name>.debug_info</name>
         <load_address>0x528b</load_address>
         <run_address>0x528b</run_address>
         <size>0x46</size>
         <input_file_ref idref="fl-147"/>
      </object_component>
      <object_component id="oc-6a">
         <name>.debug_info</name>
         <load_address>0x52d1</load_address>
         <run_address>0x52d1</run_address>
         <size>0x107</size>
         <input_file_ref idref="fl-147"/>
      </object_component>
      <object_component id="oc-6c">
         <name>.debug_info</name>
         <load_address>0x53d8</load_address>
         <run_address>0x53d8</run_address>
         <size>0x46</size>
         <input_file_ref idref="fl-149"/>
      </object_component>
      <object_component id="oc-71">
         <name>.debug_info</name>
         <load_address>0x541e</load_address>
         <run_address>0x541e</run_address>
         <size>0xc2</size>
         <input_file_ref idref="fl-149"/>
      </object_component>
      <object_component id="oc-75">
         <name>.debug_info</name>
         <load_address>0x54e0</load_address>
         <run_address>0x54e0</run_address>
         <size>0x204</size>
         <input_file_ref idref="fl-148"/>
      </object_component>
      <object_component id="oc-78">
         <name>.debug_info</name>
         <load_address>0x56e4</load_address>
         <run_address>0x56e4</run_address>
         <size>0xcc</size>
         <input_file_ref idref="fl-148"/>
      </object_component>
      <object_component id="oc-79">
         <name>.debug_info</name>
         <load_address>0x57b0</load_address>
         <run_address>0x57b0</run_address>
         <size>0x39</size>
         <input_file_ref idref="fl-148"/>
      </object_component>
      <object_component id="oc-7f">
         <name>.debug_info</name>
         <load_address>0x57e9</load_address>
         <run_address>0x57e9</run_address>
         <size>0x9db</size>
         <input_file_ref idref="fl-10"/>
      </object_component>
      <object_component id="oc-84">
         <name>.debug_info</name>
         <load_address>0x61c4</load_address>
         <run_address>0x61c4</run_address>
         <size>0xae</size>
         <input_file_ref idref="fl-2"/>
      </object_component>
      <object_component id="oc-89">
         <name>.debug_info</name>
         <load_address>0x6272</load_address>
         <run_address>0x6272</run_address>
         <size>0x15f</size>
         <input_file_ref idref="fl-2"/>
      </object_component>
      <object_component id="oc-8e">
         <name>.debug_info</name>
         <load_address>0x63d1</load_address>
         <run_address>0x63d1</run_address>
         <size>0x2b9</size>
         <input_file_ref idref="fl-3"/>
      </object_component>
      <object_component id="oc-8f">
         <name>.debug_info</name>
         <load_address>0x668a</load_address>
         <run_address>0x668a</run_address>
         <size>0x86</size>
         <input_file_ref idref="fl-2"/>
      </object_component>
      <object_component id="oc-99">
         <name>.debug_info</name>
         <load_address>0x6710</load_address>
         <run_address>0x6710</run_address>
         <size>0xec</size>
         <input_file_ref idref="fl-16"/>
      </object_component>
      <object_component id="oc-9e">
         <name>.debug_info</name>
         <load_address>0x67fc</load_address>
         <run_address>0x67fc</run_address>
         <size>0xeeb</size>
         <input_file_ref idref="fl-19"/>
      </object_component>
      <object_component id="oc-a6">
         <name>.debug_info</name>
         <load_address>0x76e7</load_address>
         <run_address>0x76e7</run_address>
         <size>0xfe</size>
         <input_file_ref idref="fl-f"/>
      </object_component>
      <object_component id="oc-ac">
         <name>.debug_info</name>
         <load_address>0x77e5</load_address>
         <run_address>0x77e5</run_address>
         <size>0x33e</size>
         <input_file_ref idref="fl-5"/>
      </object_component>
      <object_component id="oc-ae">
         <name>.debug_info</name>
         <load_address>0x7b23</load_address>
         <run_address>0x7b23</run_address>
         <size>0x129</size>
         <input_file_ref idref="fl-2"/>
      </object_component>
      <object_component id="oc-b3">
         <name>.debug_info</name>
         <load_address>0x7c4c</load_address>
         <run_address>0x7c4c</run_address>
         <size>0x154</size>
         <input_file_ref idref="fl-14"/>
      </object_component>
      <object_component id="oc-b5">
         <name>.debug_info</name>
         <load_address>0x7da0</load_address>
         <run_address>0x7da0</run_address>
         <size>0x160</size>
         <input_file_ref idref="fl-14a"/>
      </object_component>
      <object_component id="oc-bb">
         <name>.debug_info</name>
         <load_address>0x7f00</load_address>
         <run_address>0x7f00</run_address>
         <size>0x6c2</size>
         <input_file_ref idref="fl-13"/>
      </object_component>
      <object_component id="oc-c0">
         <name>.debug_info</name>
         <load_address>0x85c2</load_address>
         <run_address>0x85c2</run_address>
         <size>0xf4a</size>
         <input_file_ref idref="fl-12"/>
      </object_component>
      <object_component id="oc-c5">
         <name>.debug_info</name>
         <load_address>0x950c</load_address>
         <run_address>0x950c</run_address>
         <size>0xd08</size>
         <input_file_ref idref="fl-e"/>
      </object_component>
      <object_component id="oc-ca">
         <name>.debug_info</name>
         <load_address>0xa214</load_address>
         <run_address>0xa214</run_address>
         <size>0xe09</size>
         <input_file_ref idref="fl-d"/>
      </object_component>
      <object_component id="oc-cf">
         <name>.debug_info</name>
         <load_address>0xb01d</load_address>
         <run_address>0xb01d</run_address>
         <size>0x335</size>
         <input_file_ref idref="fl-18"/>
      </object_component>
      <object_component id="oc-d5">
         <name>.debug_info</name>
         <load_address>0xb352</load_address>
         <run_address>0xb352</run_address>
         <size>0x2c6</size>
         <input_file_ref idref="fl-a"/>
      </object_component>
      <object_component id="oc-d7">
         <name>.debug_info</name>
         <load_address>0xb618</load_address>
         <run_address>0xb618</run_address>
         <size>0xdd</size>
         <input_file_ref idref="fl-151"/>
      </object_component>
      <object_component id="oc-d9">
         <name>.debug_info</name>
         <load_address>0xb6f5</load_address>
         <run_address>0xb6f5</run_address>
         <size>0x100</size>
         <input_file_ref idref="fl-14b"/>
      </object_component>
      <object_component id="oc-db">
         <name>.debug_info</name>
         <load_address>0xb7f5</load_address>
         <run_address>0xb7f5</run_address>
         <size>0x84</size>
         <input_file_ref idref="fl-2"/>
      </object_component>
      <object_component id="oc-e0">
         <name>.debug_info</name>
         <load_address>0xb879</load_address>
         <run_address>0xb879</run_address>
         <size>0x15b</size>
         <input_file_ref idref="fl-14b"/>
      </object_component>
      <object_component id="oc-e2">
         <name>.debug_info</name>
         <load_address>0xb9d4</load_address>
         <run_address>0xb9d4</run_address>
         <size>0x2c</size>
         <input_file_ref idref="fl-147"/>
      </object_component>
      <object_component id="oc-e9">
         <name>.debug_info</name>
         <load_address>0xba00</load_address>
         <run_address>0xba00</run_address>
         <size>0x2c</size>
         <input_file_ref idref="fl-2"/>
      </object_component>
      <object_component id="oc-f4">
         <name>.debug_info</name>
         <load_address>0xba2c</load_address>
         <run_address>0xba2c</run_address>
         <size>0x282</size>
         <input_file_ref idref="fl-10"/>
      </object_component>
      <object_component id="oc-f5">
         <name>.debug_info</name>
         <load_address>0xbcae</load_address>
         <run_address>0xbcae</run_address>
         <size>0x18b</size>
         <input_file_ref idref="fl-2"/>
      </object_component>
      <object_component id="oc-fa">
         <name>.debug_info</name>
         <load_address>0xbe39</load_address>
         <run_address>0xbe39</run_address>
         <size>0x2c</size>
         <input_file_ref idref="fl-2"/>
      </object_component>
      <object_component id="oc-ff">
         <name>.debug_info</name>
         <load_address>0xbe65</load_address>
         <run_address>0xbe65</run_address>
         <size>0x2e9</size>
         <input_file_ref idref="fl-2"/>
      </object_component>
      <object_component id="oc-102">
         <name>.debug_info</name>
         <load_address>0xc14e</load_address>
         <run_address>0xc14e</run_address>
         <size>0x1f2</size>
         <input_file_ref idref="fl-2"/>
      </object_component>
      <object_component id="oc-107">
         <name>.debug_info</name>
         <load_address>0xc340</load_address>
         <run_address>0xc340</run_address>
         <size>0x435</size>
         <input_file_ref idref="fl-2"/>
      </object_component>
      <object_component id="oc-10c">
         <name>.debug_info</name>
         <load_address>0xc775</load_address>
         <run_address>0xc775</run_address>
         <size>0x1d1</size>
         <input_file_ref idref="fl-2"/>
      </object_component>
      <object_component id="oc-111">
         <name>.debug_info</name>
         <load_address>0xc946</load_address>
         <run_address>0xc946</run_address>
         <size>0x6a6</size>
         <input_file_ref idref="fl-2"/>
      </object_component>
      <object_component id="oc-116">
         <name>.debug_info</name>
         <load_address>0xcfec</load_address>
         <run_address>0xcfec</run_address>
         <size>0x13e</size>
         <input_file_ref idref="fl-2"/>
      </object_component>
      <object_component id="oc-11b">
         <name>.debug_info</name>
         <load_address>0xd12a</load_address>
         <run_address>0xd12a</run_address>
         <size>0x2cf</size>
         <input_file_ref idref="fl-2"/>
      </object_component>
      <object_component id="oc-120">
         <name>.debug_info</name>
         <load_address>0xd3f9</load_address>
         <run_address>0xd3f9</run_address>
         <size>0x4f</size>
         <input_file_ref idref="fl-3"/>
      </object_component>
      <object_component id="oc-127">
         <name>.debug_info</name>
         <load_address>0xd448</load_address>
         <run_address>0xd448</run_address>
         <size>0x301</size>
         <input_file_ref idref="fl-19"/>
      </object_component>
      <object_component id="oc-12c">
         <name>.debug_info</name>
         <load_address>0xd749</load_address>
         <run_address>0xd749</run_address>
         <size>0xdd</size>
         <input_file_ref idref="fl-19"/>
      </object_component>
      <object_component id="oc-12e">
         <name>.debug_info</name>
         <load_address>0xd826</load_address>
         <run_address>0xd826</run_address>
         <size>0xe7</size>
         <input_file_ref idref="fl-19"/>
      </object_component>
      <object_component id="oc-130">
         <name>.debug_info</name>
         <load_address>0xd90d</load_address>
         <run_address>0xd90d</run_address>
         <size>0xda</size>
         <input_file_ref idref="fl-19"/>
      </object_component>
      <object_component id="oc-132">
         <name>.debug_info</name>
         <load_address>0xd9e7</load_address>
         <run_address>0xd9e7</run_address>
         <size>0xdb</size>
         <input_file_ref idref="fl-19"/>
      </object_component>
      <object_component id="oc-137">
         <name>.debug_info</name>
         <load_address>0xdac2</load_address>
         <run_address>0xdac2</run_address>
         <size>0x60e</size>
         <input_file_ref idref="fl-2"/>
      </object_component>
      <object_component id="oc-13c">
         <name>.debug_info</name>
         <load_address>0xe0d0</load_address>
         <run_address>0xe0d0</run_address>
         <size>0x4de</size>
         <input_file_ref idref="fl-2"/>
      </object_component>
      <object_component id="oc-141">
         <name>.debug_info</name>
         <load_address>0xe5ae</load_address>
         <run_address>0xe5ae</run_address>
         <size>0x437</size>
         <input_file_ref idref="fl-2"/>
      </object_component>
      <object_component id="oc-146">
         <name>.debug_info</name>
         <load_address>0xe9e5</load_address>
         <run_address>0xe9e5</run_address>
         <size>0x2ec</size>
         <input_file_ref idref="fl-2"/>
      </object_component>
      <object_component id="oc-14b">
         <name>.debug_info</name>
         <load_address>0xecd1</load_address>
         <run_address>0xecd1</run_address>
         <size>0x1ca</size>
         <input_file_ref idref="fl-2"/>
      </object_component>
      <object_component id="oc-150">
         <name>.debug_info</name>
         <load_address>0xee9b</load_address>
         <run_address>0xee9b</run_address>
         <size>0x36b</size>
         <input_file_ref idref="fl-2"/>
      </object_component>
      <object_component id="oc-155">
         <name>.debug_info</name>
         <load_address>0xf206</load_address>
         <run_address>0xf206</run_address>
         <size>0x338</size>
         <input_file_ref idref="fl-2"/>
      </object_component>
      <object_component id="oc-15a">
         <name>.debug_info</name>
         <load_address>0xf53e</load_address>
         <run_address>0xf53e</run_address>
         <size>0x37c</size>
         <input_file_ref idref="fl-2"/>
      </object_component>
      <object_component id="oc-15f">
         <name>.debug_info</name>
         <load_address>0xf8ba</load_address>
         <run_address>0xf8ba</run_address>
         <size>0x1de</size>
         <input_file_ref idref="fl-2"/>
      </object_component>
      <object_component id="oc-164">
         <name>.debug_info</name>
         <load_address>0xfa98</load_address>
         <run_address>0xfa98</run_address>
         <size>0x17a</size>
         <input_file_ref idref="fl-2"/>
      </object_component>
      <object_component id="oc-16c">
         <name>.debug_info</name>
         <load_address>0xfc12</load_address>
         <run_address>0xfc12</run_address>
         <size>0x15d</size>
         <input_file_ref idref="fl-14a"/>
      </object_component>
      <object_component id="oc-16e">
         <name>.debug_info</name>
         <load_address>0xfd6f</load_address>
         <run_address>0xfd6f</run_address>
         <size>0xd7</size>
         <input_file_ref idref="fl-13"/>
      </object_component>
      <object_component id="oc-170">
         <name>.debug_info</name>
         <load_address>0xfe46</load_address>
         <run_address>0xfe46</run_address>
         <size>0xf5</size>
         <input_file_ref idref="fl-150"/>
      </object_component>
      <object_component id="oc-174">
         <name>.debug_info</name>
         <load_address>0xff3b</load_address>
         <run_address>0xff3b</run_address>
         <size>0x110</size>
         <input_file_ref idref="fl-14d"/>
      </object_component>
      <object_component id="oc-178">
         <name>.debug_info</name>
         <load_address>0x1004b</load_address>
         <run_address>0x1004b</run_address>
         <size>0x110</size>
         <input_file_ref idref="fl-14c"/>
      </object_component>
      <object_component id="oc-17c">
         <name>.debug_info</name>
         <load_address>0x1015b</load_address>
         <run_address>0x1015b</run_address>
         <size>0x109</size>
         <input_file_ref idref="fl-14e"/>
      </object_component>
      <object_component id="oc-180">
         <name>.debug_info</name>
         <load_address>0x10264</load_address>
         <run_address>0x10264</run_address>
         <size>0xc6</size>
         <input_file_ref idref="fl-12"/>
      </object_component>
      <object_component id="oc-182">
         <name>.debug_info</name>
         <load_address>0x1032a</load_address>
         <run_address>0x1032a</run_address>
         <size>0xd2</size>
         <input_file_ref idref="fl-12"/>
      </object_component>
      <object_component id="oc-184">
         <name>.debug_info</name>
         <load_address>0x103fc</load_address>
         <run_address>0x103fc</run_address>
         <size>0x164</size>
         <input_file_ref idref="fl-12"/>
      </object_component>
      <object_component id="oc-186">
         <name>.debug_info</name>
         <load_address>0x10560</load_address>
         <run_address>0x10560</run_address>
         <size>0x1d4</size>
         <input_file_ref idref="fl-a"/>
      </object_component>
      <object_component id="oc-18b">
         <name>.debug_info</name>
         <load_address>0x10734</load_address>
         <run_address>0x10734</run_address>
         <size>0x127</size>
         <input_file_ref idref="fl-e"/>
      </object_component>
      <object_component id="oc-18d">
         <name>.debug_info</name>
         <load_address>0x1085b</load_address>
         <run_address>0x1085b</run_address>
         <size>0xca</size>
         <input_file_ref idref="fl-d"/>
      </object_component>
      <object_component id="oc-18f">
         <name>.debug_info</name>
         <load_address>0x10925</load_address>
         <run_address>0x10925</run_address>
         <size>0x109</size>
         <input_file_ref idref="fl-d"/>
      </object_component>
      <object_component id="oc-190">
         <name>.debug_info</name>
         <load_address>0x10a2e</load_address>
         <run_address>0x10a2e</run_address>
         <size>0x375</size>
         <input_file_ref idref="fl-a"/>
      </object_component>
      <object_component id="oc-196">
         <name>.debug_info</name>
         <load_address>0x10da3</load_address>
         <run_address>0x10da3</run_address>
         <size>0xd9</size>
         <input_file_ref idref="fl-18"/>
      </object_component>
      <object_component id="oc-198">
         <name>.debug_info</name>
         <load_address>0x10e7c</load_address>
         <run_address>0x10e7c</run_address>
         <size>0xe4</size>
         <input_file_ref idref="fl-18"/>
      </object_component>
      <object_component id="oc-19a">
         <name>.debug_info</name>
         <load_address>0x10f60</load_address>
         <run_address>0x10f60</run_address>
         <size>0x194</size>
         <input_file_ref idref="fl-18"/>
      </object_component>
      <object_component id="oc-19d">
         <name>.debug_info</name>
         <load_address>0x110f4</load_address>
         <run_address>0x110f4</run_address>
         <size>0x306</size>
         <input_file_ref idref="fl-a"/>
      </object_component>
      <object_component id="oc-1a2">
         <name>.debug_info</name>
         <load_address>0x113fa</load_address>
         <run_address>0x113fa</run_address>
         <size>0x26c</size>
         <input_file_ref idref="fl-a"/>
      </object_component>
      <object_component id="oc-1a8">
         <name>.debug_info</name>
         <load_address>0x11666</load_address>
         <run_address>0x11666</run_address>
         <size>0x1e9</size>
         <input_file_ref idref="fl-151"/>
      </object_component>
      <object_component id="oc-1ae">
         <name>.debug_info</name>
         <load_address>0x1184f</load_address>
         <run_address>0x1184f</run_address>
         <size>0xee</size>
         <input_file_ref idref="fl-151"/>
      </object_component>
      <object_component id="oc-1b7">
         <name>.debug_info</name>
         <load_address>0x1193d</load_address>
         <run_address>0x1193d</run_address>
         <size>0x1d8</size>
         <input_file_ref idref="fl-2"/>
      </object_component>
      <object_component id="oc-1bc">
         <name>.debug_info</name>
         <load_address>0x11b15</load_address>
         <run_address>0x11b15</run_address>
         <size>0x2af</size>
         <input_file_ref idref="fl-2"/>
      </object_component>
      <object_component id="oc-1cd">
         <name>.debug_info</name>
         <load_address>0x11dc4</load_address>
         <run_address>0x11dc4</run_address>
         <size>0xcd</size>
         <input_file_ref idref="fl-14a"/>
      </object_component>
      <object_component id="oc-1d4">
         <name>.debug_info</name>
         <load_address>0x11e91</load_address>
         <run_address>0x11e91</run_address>
         <size>0x12a</size>
         <input_file_ref idref="fl-2"/>
      </object_component>
      <object_component id="oc-1e9">
         <name>.debug_info</name>
         <load_address>0x11fbb</load_address>
         <run_address>0x11fbb</run_address>
         <size>0xb9</size>
         <input_file_ref idref="fl-d"/>
      </object_component>
      <object_component id="oc-212">
         <name>.debug_info</name>
         <load_address>0x12074</load_address>
         <run_address>0x12074</run_address>
         <size>0x91</size>
      </object_component>
      <object_component id="oc-d">
         <name>.debug_line</name>
         <load_address>0x0</load_address>
         <run_address>0x0</run_address>
         <size>0xc6</size>
         <input_file_ref idref="fl-4"/>
      </object_component>
      <object_component id="oc-11">
         <name>.debug_line</name>
         <load_address>0xc6</load_address>
         <run_address>0xc6</run_address>
         <size>0x55</size>
         <input_file_ref idref="fl-147"/>
      </object_component>
      <object_component id="oc-16">
         <name>.debug_line</name>
         <load_address>0x11b</load_address>
         <run_address>0x11b</run_address>
         <size>0x49</size>
         <input_file_ref idref="fl-149"/>
      </object_component>
      <object_component id="oc-1c">
         <name>.debug_line</name>
         <load_address>0x164</load_address>
         <run_address>0x164</run_address>
         <size>0x4b</size>
         <input_file_ref idref="fl-148"/>
      </object_component>
      <object_component id="oc-22">
         <name>.debug_line</name>
         <load_address>0x1af</load_address>
         <run_address>0x1af</run_address>
         <size>0x181</size>
         <input_file_ref idref="fl-3"/>
      </object_component>
      <object_component id="oc-26">
         <name>.debug_line</name>
         <load_address>0x330</load_address>
         <run_address>0x330</run_address>
         <size>0xa9</size>
         <input_file_ref idref="fl-3"/>
      </object_component>
      <object_component id="oc-2d">
         <name>.debug_line</name>
         <load_address>0x3d9</load_address>
         <run_address>0x3d9</run_address>
         <size>0x4b</size>
         <input_file_ref idref="fl-7"/>
      </object_component>
      <object_component id="oc-32">
         <name>.debug_line</name>
         <load_address>0x424</load_address>
         <run_address>0x424</run_address>
         <size>0x4f</size>
         <input_file_ref idref="fl-b"/>
      </object_component>
      <object_component id="oc-36">
         <name>.debug_line</name>
         <load_address>0x473</load_address>
         <run_address>0x473</run_address>
         <size>0x4c</size>
         <input_file_ref idref="fl-e"/>
      </object_component>
      <object_component id="oc-3b">
         <name>.debug_line</name>
         <load_address>0x4bf</load_address>
         <run_address>0x4bf</run_address>
         <size>0x79</size>
         <input_file_ref idref="fl-14"/>
      </object_component>
      <object_component id="oc-40">
         <name>.debug_line</name>
         <load_address>0x538</load_address>
         <run_address>0x538</run_address>
         <size>0x2c1</size>
         <input_file_ref idref="fl-c"/>
      </object_component>
      <object_component id="oc-44">
         <name>.debug_line</name>
         <load_address>0x7f9</load_address>
         <run_address>0x7f9</run_address>
         <size>0x139</size>
         <input_file_ref idref="fl-2"/>
      </object_component>
      <object_component id="oc-49">
         <name>.debug_line</name>
         <load_address>0x932</load_address>
         <run_address>0x932</run_address>
         <size>0x89f</size>
         <input_file_ref idref="fl-5"/>
      </object_component>
      <object_component id="oc-4e">
         <name>.debug_line</name>
         <load_address>0x11d1</load_address>
         <run_address>0x11d1</run_address>
         <size>0x282</size>
         <input_file_ref idref="fl-14"/>
      </object_component>
      <object_component id="oc-52">
         <name>.debug_line</name>
         <load_address>0x1453</load_address>
         <run_address>0x1453</run_address>
         <size>0x7d</size>
         <input_file_ref idref="fl-146"/>
      </object_component>
      <object_component id="oc-57">
         <name>.debug_line</name>
         <load_address>0x14d0</load_address>
         <run_address>0x14d0</run_address>
         <size>0x56</size>
         <input_file_ref idref="fl-a"/>
      </object_component>
      <object_component id="oc-5c">
         <name>.debug_line</name>
         <load_address>0x1526</load_address>
         <run_address>0x1526</run_address>
         <size>0x80</size>
         <input_file_ref idref="fl-14b"/>
      </object_component>
      <object_component id="oc-62">
         <name>.debug_line</name>
         <load_address>0x15a6</load_address>
         <run_address>0x15a6</run_address>
         <size>0x9a</size>
         <input_file_ref idref="fl-14f"/>
      </object_component>
      <object_component id="oc-67">
         <name>.debug_line</name>
         <load_address>0x1640</load_address>
         <run_address>0x1640</run_address>
         <size>0x3a</size>
         <input_file_ref idref="fl-147"/>
      </object_component>
      <object_component id="oc-6e">
         <name>.debug_line</name>
         <load_address>0x167a</load_address>
         <run_address>0x167a</run_address>
         <size>0x34</size>
         <input_file_ref idref="fl-149"/>
      </object_component>
      <object_component id="oc-74">
         <name>.debug_line</name>
         <load_address>0x16ae</load_address>
         <run_address>0x16ae</run_address>
         <size>0x9d</size>
         <input_file_ref idref="fl-148"/>
      </object_component>
      <object_component id="oc-7b">
         <name>.debug_line</name>
         <load_address>0x174b</load_address>
         <run_address>0x174b</run_address>
         <size>0x39</size>
         <input_file_ref idref="fl-148"/>
      </object_component>
      <object_component id="oc-80">
         <name>.debug_line</name>
         <load_address>0x1784</load_address>
         <run_address>0x1784</run_address>
         <size>0x123</size>
         <input_file_ref idref="fl-10"/>
      </object_component>
      <object_component id="oc-86">
         <name>.debug_line</name>
         <load_address>0x18a7</load_address>
         <run_address>0x18a7</run_address>
         <size>0x58</size>
         <input_file_ref idref="fl-2"/>
      </object_component>
      <object_component id="oc-8b">
         <name>.debug_line</name>
         <load_address>0x18ff</load_address>
         <run_address>0x18ff</run_address>
         <size>0x53</size>
         <input_file_ref idref="fl-2"/>
      </object_component>
      <object_component id="oc-91">
         <name>.debug_line</name>
         <load_address>0x1952</load_address>
         <run_address>0x1952</run_address>
         <size>0x56</size>
         <input_file_ref idref="fl-2"/>
      </object_component>
      <object_component id="oc-96">
         <name>.debug_line</name>
         <load_address>0x19a8</load_address>
         <run_address>0x19a8</run_address>
         <size>0x37</size>
         <input_file_ref idref="fl-3"/>
      </object_component>
      <object_component id="oc-9a">
         <name>.debug_line</name>
         <load_address>0x19df</load_address>
         <run_address>0x19df</run_address>
         <size>0x76</size>
         <input_file_ref idref="fl-16"/>
      </object_component>
      <object_component id="oc-9f">
         <name>.debug_line</name>
         <load_address>0x1a55</load_address>
         <run_address>0x1a55</run_address>
         <size>0x2d8</size>
         <input_file_ref idref="fl-19"/>
      </object_component>
      <object_component id="oc-a7">
         <name>.debug_line</name>
         <load_address>0x1d2d</load_address>
         <run_address>0x1d2d</run_address>
         <size>0x59</size>
         <input_file_ref idref="fl-f"/>
      </object_component>
      <object_component id="oc-b0">
         <name>.debug_line</name>
         <load_address>0x1d86</load_address>
         <run_address>0x1d86</run_address>
         <size>0x4f</size>
         <input_file_ref idref="fl-2"/>
      </object_component>
      <object_component id="oc-b6">
         <name>.debug_line</name>
         <load_address>0x1dd5</load_address>
         <run_address>0x1dd5</run_address>
         <size>0x66</size>
         <input_file_ref idref="fl-14a"/>
      </object_component>
      <object_component id="oc-bc">
         <name>.debug_line</name>
         <load_address>0x1e3b</load_address>
         <run_address>0x1e3b</run_address>
         <size>0x19c</size>
         <input_file_ref idref="fl-13"/>
      </object_component>
      <object_component id="oc-c1">
         <name>.debug_line</name>
         <load_address>0x1fd7</load_address>
         <run_address>0x1fd7</run_address>
         <size>0x29a</size>
         <input_file_ref idref="fl-12"/>
      </object_component>
      <object_component id="oc-c6">
         <name>.debug_line</name>
         <load_address>0x2271</load_address>
         <run_address>0x2271</run_address>
         <size>0x2f1</size>
         <input_file_ref idref="fl-e"/>
      </object_component>
      <object_component id="oc-cb">
         <name>.debug_line</name>
         <load_address>0x2562</load_address>
         <run_address>0x2562</run_address>
         <size>0x285</size>
         <input_file_ref idref="fl-d"/>
      </object_component>
      <object_component id="oc-d0">
         <name>.debug_line</name>
         <load_address>0x27e7</load_address>
         <run_address>0x27e7</run_address>
         <size>0xee</size>
         <input_file_ref idref="fl-18"/>
      </object_component>
      <object_component id="oc-dd">
         <name>.debug_line</name>
         <load_address>0x28d5</load_address>
         <run_address>0x28d5</run_address>
         <size>0x20</size>
         <input_file_ref idref="fl-2"/>
      </object_component>
      <object_component id="oc-e4">
         <name>.debug_line</name>
         <load_address>0x28f5</load_address>
         <run_address>0x28f5</run_address>
         <size>0x5b</size>
         <input_file_ref idref="fl-147"/>
      </object_component>
      <object_component id="oc-e8">
         <name>.debug_line</name>
         <load_address>0x2950</load_address>
         <run_address>0x2950</run_address>
         <size>0x20</size>
         <input_file_ref idref="fl-147"/>
      </object_component>
      <object_component id="oc-eb">
         <name>.debug_line</name>
         <load_address>0x2970</load_address>
         <run_address>0x2970</run_address>
         <size>0x59</size>
         <input_file_ref idref="fl-2"/>
      </object_component>
      <object_component id="oc-ef">
         <name>.debug_line</name>
         <load_address>0x29c9</load_address>
         <run_address>0x29c9</run_address>
         <size>0x20</size>
         <input_file_ref idref="fl-149"/>
      </object_component>
      <object_component id="oc-f2">
         <name>.debug_line</name>
         <load_address>0x29e9</load_address>
         <run_address>0x29e9</run_address>
         <size>0x20</size>
         <input_file_ref idref="fl-148"/>
      </object_component>
      <object_component id="oc-f7">
         <name>.debug_line</name>
         <load_address>0x2a09</load_address>
         <run_address>0x2a09</run_address>
         <size>0x59</size>
         <input_file_ref idref="fl-2"/>
      </object_component>
      <object_component id="oc-fc">
         <name>.debug_line</name>
         <load_address>0x2a62</load_address>
         <run_address>0x2a62</run_address>
         <size>0x5a</size>
         <input_file_ref idref="fl-2"/>
      </object_component>
      <object_component id="oc-101">
         <name>.debug_line</name>
         <load_address>0x2abc</load_address>
         <run_address>0x2abc</run_address>
         <size>0x82</size>
         <input_file_ref idref="fl-3"/>
      </object_component>
      <object_component id="oc-104">
         <name>.debug_line</name>
         <load_address>0x2b3e</load_address>
         <run_address>0x2b3e</run_address>
         <size>0x53</size>
         <input_file_ref idref="fl-2"/>
      </object_component>
      <object_component id="oc-109">
         <name>.debug_line</name>
         <load_address>0x2b91</load_address>
         <run_address>0x2b91</run_address>
         <size>0x55</size>
         <input_file_ref idref="fl-2"/>
      </object_component>
      <object_component id="oc-10e">
         <name>.debug_line</name>
         <load_address>0x2be6</load_address>
         <run_address>0x2be6</run_address>
         <size>0x53</size>
         <input_file_ref idref="fl-2"/>
      </object_component>
      <object_component id="oc-113">
         <name>.debug_line</name>
         <load_address>0x2c39</load_address>
         <run_address>0x2c39</run_address>
         <size>0x56</size>
         <input_file_ref idref="fl-2"/>
      </object_component>
      <object_component id="oc-118">
         <name>.debug_line</name>
         <load_address>0x2c8f</load_address>
         <run_address>0x2c8f</run_address>
         <size>0x55</size>
         <input_file_ref idref="fl-2"/>
      </object_component>
      <object_component id="oc-11d">
         <name>.debug_line</name>
         <load_address>0x2ce4</load_address>
         <run_address>0x2ce4</run_address>
         <size>0x53</size>
         <input_file_ref idref="fl-2"/>
      </object_component>
      <object_component id="oc-122">
         <name>.debug_line</name>
         <load_address>0x2d37</load_address>
         <run_address>0x2d37</run_address>
         <size>0x37</size>
         <input_file_ref idref="fl-3"/>
      </object_component>
      <object_component id="oc-136">
         <name>.debug_line</name>
         <load_address>0x2d6e</load_address>
         <run_address>0x2d6e</run_address>
         <size>0x8c</size>
         <input_file_ref idref="fl-5"/>
      </object_component>
      <object_component id="oc-139">
         <name>.debug_line</name>
         <load_address>0x2dfa</load_address>
         <run_address>0x2dfa</run_address>
         <size>0x53</size>
         <input_file_ref idref="fl-2"/>
      </object_component>
      <object_component id="oc-13e">
         <name>.debug_line</name>
         <load_address>0x2e4d</load_address>
         <run_address>0x2e4d</run_address>
         <size>0x56</size>
         <input_file_ref idref="fl-2"/>
      </object_component>
      <object_component id="oc-143">
         <name>.debug_line</name>
         <load_address>0x2ea3</load_address>
         <run_address>0x2ea3</run_address>
         <size>0x53</size>
         <input_file_ref idref="fl-2"/>
      </object_component>
      <object_component id="oc-148">
         <name>.debug_line</name>
         <load_address>0x2ef6</load_address>
         <run_address>0x2ef6</run_address>
         <size>0x58</size>
         <input_file_ref idref="fl-2"/>
      </object_component>
      <object_component id="oc-14d">
         <name>.debug_line</name>
         <load_address>0x2f4e</load_address>
         <run_address>0x2f4e</run_address>
         <size>0x53</size>
         <input_file_ref idref="fl-2"/>
      </object_component>
      <object_component id="oc-152">
         <name>.debug_line</name>
         <load_address>0x2fa1</load_address>
         <run_address>0x2fa1</run_address>
         <size>0x4f</size>
         <input_file_ref idref="fl-2"/>
      </object_component>
      <object_component id="oc-157">
         <name>.debug_line</name>
         <load_address>0x2ff0</load_address>
         <run_address>0x2ff0</run_address>
         <size>0x53</size>
         <input_file_ref idref="fl-2"/>
      </object_component>
      <object_component id="oc-15c">
         <name>.debug_line</name>
         <load_address>0x3043</load_address>
         <run_address>0x3043</run_address>
         <size>0x53</size>
         <input_file_ref idref="fl-2"/>
      </object_component>
      <object_component id="oc-161">
         <name>.debug_line</name>
         <load_address>0x3096</load_address>
         <run_address>0x3096</run_address>
         <size>0x55</size>
         <input_file_ref idref="fl-2"/>
      </object_component>
      <object_component id="oc-166">
         <name>.debug_line</name>
         <load_address>0x30eb</load_address>
         <run_address>0x30eb</run_address>
         <size>0x53</size>
         <input_file_ref idref="fl-2"/>
      </object_component>
      <object_component id="oc-16a">
         <name>.debug_line</name>
         <load_address>0x313e</load_address>
         <run_address>0x313e</run_address>
         <size>0x4f</size>
         <input_file_ref idref="fl-14"/>
      </object_component>
      <object_component id="oc-171">
         <name>.debug_line</name>
         <load_address>0x318d</load_address>
         <run_address>0x318d</run_address>
         <size>0x47</size>
         <input_file_ref idref="fl-150"/>
      </object_component>
      <object_component id="oc-175">
         <name>.debug_line</name>
         <load_address>0x31d4</load_address>
         <run_address>0x31d4</run_address>
         <size>0x87</size>
         <input_file_ref idref="fl-14d"/>
      </object_component>
      <object_component id="oc-179">
         <name>.debug_line</name>
         <load_address>0x325b</load_address>
         <run_address>0x325b</run_address>
         <size>0xa1</size>
         <input_file_ref idref="fl-14c"/>
      </object_component>
      <object_component id="oc-17d">
         <name>.debug_line</name>
         <load_address>0x32fc</load_address>
         <run_address>0x32fc</run_address>
         <size>0x51</size>
         <input_file_ref idref="fl-14e"/>
      </object_component>
      <object_component id="oc-188">
         <name>.debug_line</name>
         <load_address>0x334d</load_address>
         <run_address>0x334d</run_address>
         <size>0x4f</size>
         <input_file_ref idref="fl-a"/>
      </object_component>
      <object_component id="oc-192">
         <name>.debug_line</name>
         <load_address>0x339c</load_address>
         <run_address>0x339c</run_address>
         <size>0x4f</size>
         <input_file_ref idref="fl-a"/>
      </object_component>
      <object_component id="oc-19c">
         <name>.debug_line</name>
         <load_address>0x33eb</load_address>
         <run_address>0x33eb</run_address>
         <size>0x13d</size>
         <input_file_ref idref="fl-a"/>
      </object_component>
      <object_component id="oc-19f">
         <name>.debug_line</name>
         <load_address>0x3528</load_address>
         <run_address>0x3528</run_address>
         <size>0x53</size>
         <input_file_ref idref="fl-a"/>
      </object_component>
      <object_component id="oc-1a4">
         <name>.debug_line</name>
         <load_address>0x357b</load_address>
         <run_address>0x357b</run_address>
         <size>0x53</size>
         <input_file_ref idref="fl-a"/>
      </object_component>
      <object_component id="oc-1a9">
         <name>.debug_line</name>
         <load_address>0x35ce</load_address>
         <run_address>0x35ce</run_address>
         <size>0x64</size>
         <input_file_ref idref="fl-151"/>
      </object_component>
      <object_component id="oc-1ad">
         <name>.debug_line</name>
         <load_address>0x3632</load_address>
         <run_address>0x3632</run_address>
         <size>0x2b</size>
         <input_file_ref idref="fl-151"/>
      </object_component>
      <object_component id="oc-1b0">
         <name>.debug_line</name>
         <load_address>0x365d</load_address>
         <run_address>0x365d</run_address>
         <size>0x2a</size>
         <input_file_ref idref="fl-14b"/>
      </object_component>
      <object_component id="oc-1b2">
         <name>.debug_line</name>
         <load_address>0x3687</load_address>
         <run_address>0x3687</run_address>
         <size>0x5a</size>
         <input_file_ref idref="fl-14b"/>
      </object_component>
      <object_component id="oc-1b4">
         <name>.debug_line</name>
         <load_address>0x36e1</load_address>
         <run_address>0x36e1</run_address>
         <size>0x20</size>
         <input_file_ref idref="fl-10"/>
      </object_component>
      <object_component id="oc-1b6">
         <name>.debug_line</name>
         <load_address>0x3701</load_address>
         <run_address>0x3701</run_address>
         <size>0x8a</size>
         <input_file_ref idref="fl-2"/>
      </object_component>
      <object_component id="oc-1b9">
         <name>.debug_line</name>
         <load_address>0x378b</load_address>
         <run_address>0x378b</run_address>
         <size>0x56</size>
         <input_file_ref idref="fl-2"/>
      </object_component>
      <object_component id="oc-1be">
         <name>.debug_line</name>
         <load_address>0x37e1</load_address>
         <run_address>0x37e1</run_address>
         <size>0x53</size>
         <input_file_ref idref="fl-2"/>
      </object_component>
      <object_component id="oc-1c2">
         <name>.debug_line</name>
         <load_address>0x3834</load_address>
         <run_address>0x3834</run_address>
         <size>0x10b</size>
         <input_file_ref idref="fl-19"/>
      </object_component>
      <object_component id="oc-1c4">
         <name>.debug_line</name>
         <load_address>0x393f</load_address>
         <run_address>0x393f</run_address>
         <size>0x4f</size>
         <input_file_ref idref="fl-19"/>
      </object_component>
      <object_component id="oc-1c6">
         <name>.debug_line</name>
         <load_address>0x398e</load_address>
         <run_address>0x398e</run_address>
         <size>0x4f</size>
         <input_file_ref idref="fl-19"/>
      </object_component>
      <object_component id="oc-1c8">
         <name>.debug_line</name>
         <load_address>0x39dd</load_address>
         <run_address>0x39dd</run_address>
         <size>0x4f</size>
         <input_file_ref idref="fl-19"/>
      </object_component>
      <object_component id="oc-1ca">
         <name>.debug_line</name>
         <load_address>0x3a2c</load_address>
         <run_address>0x3a2c</run_address>
         <size>0x4f</size>
         <input_file_ref idref="fl-19"/>
      </object_component>
      <object_component id="oc-1cc">
         <name>.debug_line</name>
         <load_address>0x3a7b</load_address>
         <run_address>0x3a7b</run_address>
         <size>0x68</size>
         <input_file_ref idref="fl-14a"/>
      </object_component>
      <object_component id="oc-1cf">
         <name>.debug_line</name>
         <load_address>0x3ae3</load_address>
         <run_address>0x3ae3</run_address>
         <size>0x5c</size>
         <input_file_ref idref="fl-14a"/>
      </object_component>
      <object_component id="oc-1d3">
         <name>.debug_line</name>
         <load_address>0x3b3f</load_address>
         <run_address>0x3b3f</run_address>
         <size>0x20</size>
         <input_file_ref idref="fl-13"/>
      </object_component>
      <object_component id="oc-1d6">
         <name>.debug_line</name>
         <load_address>0x3b5f</load_address>
         <run_address>0x3b5f</run_address>
         <size>0x4f</size>
         <input_file_ref idref="fl-2"/>
      </object_component>
      <object_component id="oc-1de">
         <name>.debug_line</name>
         <load_address>0x3bae</load_address>
         <run_address>0x3bae</run_address>
         <size>0x33</size>
         <input_file_ref idref="fl-12"/>
      </object_component>
      <object_component id="oc-1e0">
         <name>.debug_line</name>
         <load_address>0x3be1</load_address>
         <run_address>0x3be1</run_address>
         <size>0x33</size>
         <input_file_ref idref="fl-12"/>
      </object_component>
      <object_component id="oc-1e2">
         <name>.debug_line</name>
         <load_address>0x3c14</load_address>
         <run_address>0x3c14</run_address>
         <size>0x59</size>
         <input_file_ref idref="fl-12"/>
      </object_component>
      <object_component id="oc-1e4">
         <name>.debug_line</name>
         <load_address>0x3c6d</load_address>
         <run_address>0x3c6d</run_address>
         <size>0x4f</size>
         <input_file_ref idref="fl-e"/>
      </object_component>
      <object_component id="oc-1e6">
         <name>.debug_line</name>
         <load_address>0x3cbc</load_address>
         <run_address>0x3cbc</run_address>
         <size>0x33</size>
         <input_file_ref idref="fl-d"/>
      </object_component>
      <object_component id="oc-1e8">
         <name>.debug_line</name>
         <load_address>0x3cef</load_address>
         <run_address>0x3cef</run_address>
         <size>0x20</size>
         <input_file_ref idref="fl-d"/>
      </object_component>
      <object_component id="oc-1eb">
         <name>.debug_line</name>
         <load_address>0x3d0f</load_address>
         <run_address>0x3d0f</run_address>
         <size>0x33</size>
         <input_file_ref idref="fl-d"/>
      </object_component>
      <object_component id="oc-1ef">
         <name>.debug_line</name>
         <load_address>0x3d42</load_address>
         <run_address>0x3d42</run_address>
         <size>0x52</size>
         <input_file_ref idref="fl-18"/>
      </object_component>
      <object_component id="oc-1f1">
         <name>.debug_line</name>
         <load_address>0x3d94</load_address>
         <run_address>0x3d94</run_address>
         <size>0x52</size>
         <input_file_ref idref="fl-18"/>
      </object_component>
      <object_component id="oc-1f3">
         <name>.debug_line</name>
         <load_address>0x3de6</load_address>
         <run_address>0x3de6</run_address>
         <size>0x4f</size>
         <input_file_ref idref="fl-18"/>
      </object_component>
      <object_component id="oc-1f6">
         <name>.debug_line</name>
         <load_address>0x3e35</load_address>
         <run_address>0x3e35</run_address>
         <size>0x20</size>
         <input_file_ref idref="fl-151"/>
      </object_component>
      <object_component id="oc-e">
         <name>.debug_frame</name>
         <load_address>0x0</load_address>
         <run_address>0x0</run_address>
         <size>0x3e</size>
         <input_file_ref idref="fl-4"/>
      </object_component>
      <object_component id="oc-13">
         <name>.debug_frame</name>
         <load_address>0x3e</load_address>
         <run_address>0x3e</run_address>
         <size>0x3f</size>
         <input_file_ref idref="fl-147"/>
      </object_component>
      <object_component id="oc-18">
         <name>.debug_frame</name>
         <load_address>0x7d</load_address>
         <run_address>0x7d</run_address>
         <size>0x3f</size>
         <input_file_ref idref="fl-149"/>
      </object_component>
      <object_component id="oc-1e">
         <name>.debug_frame</name>
         <load_address>0xbc</load_address>
         <run_address>0xbc</run_address>
         <size>0x3f</size>
         <input_file_ref idref="fl-148"/>
      </object_component>
      <object_component id="oc-23">
         <name>.debug_frame</name>
         <load_address>0xfb</load_address>
         <run_address>0xfb</run_address>
         <size>0xa4</size>
         <input_file_ref idref="fl-3"/>
      </object_component>
      <object_component id="oc-27">
         <name>.debug_frame</name>
         <load_address>0x19f</load_address>
         <run_address>0x19f</run_address>
         <size>0x5e</size>
         <input_file_ref idref="fl-3"/>
      </object_component>
      <object_component id="oc-2e">
         <name>.debug_frame</name>
         <load_address>0x1fd</load_address>
         <run_address>0x1fd</run_address>
         <size>0x3f</size>
         <input_file_ref idref="fl-7"/>
      </object_component>
      <object_component id="oc-37">
         <name>.debug_frame</name>
         <load_address>0x23c</load_address>
         <run_address>0x23c</run_address>
         <size>0x57</size>
         <input_file_ref idref="fl-e"/>
      </object_component>
      <object_component id="oc-3c">
         <name>.debug_frame</name>
         <load_address>0x293</load_address>
         <run_address>0x293</run_address>
         <size>0x5b</size>
         <input_file_ref idref="fl-14"/>
      </object_component>
      <object_component id="oc-45">
         <name>.debug_frame</name>
         <load_address>0x2ee</load_address>
         <run_address>0x2ee</run_address>
         <size>0xb8</size>
         <input_file_ref idref="fl-2"/>
      </object_component>
      <object_component id="oc-4a">
         <name>.debug_frame</name>
         <load_address>0x3a6</load_address>
         <run_address>0x3a6</run_address>
         <size>0x427</size>
         <input_file_ref idref="fl-5"/>
      </object_component>
      <object_component id="oc-4f">
         <name>.debug_frame</name>
         <load_address>0x7cd</load_address>
         <run_address>0x7cd</run_address>
         <size>0x1a4</size>
         <input_file_ref idref="fl-14"/>
      </object_component>
      <object_component id="oc-58">
         <name>.debug_frame</name>
         <load_address>0x971</load_address>
         <run_address>0x971</run_address>
         <size>0x46</size>
         <input_file_ref idref="fl-a"/>
      </object_component>
      <object_component id="oc-5b">
         <name>.debug_frame</name>
         <load_address>0x9b7</load_address>
         <run_address>0x9b7</run_address>
         <size>0x6f</size>
         <input_file_ref idref="fl-14b"/>
      </object_component>
      <object_component id="oc-76">
         <name>.debug_frame</name>
         <load_address>0xa26</load_address>
         <run_address>0xa26</run_address>
         <size>0x46</size>
         <input_file_ref idref="fl-148"/>
      </object_component>
      <object_component id="oc-81">
         <name>.debug_frame</name>
         <load_address>0xa6c</load_address>
         <run_address>0xa6c</run_address>
         <size>0x12b</size>
         <input_file_ref idref="fl-10"/>
      </object_component>
      <object_component id="oc-a0">
         <name>.debug_frame</name>
         <load_address>0xb97</load_address>
         <run_address>0xb97</run_address>
         <size>0x1bd</size>
         <input_file_ref idref="fl-19"/>
      </object_component>
      <object_component id="oc-a8">
         <name>.debug_frame</name>
         <load_address>0xd54</load_address>
         <run_address>0xd54</run_address>
         <size>0x40</size>
         <input_file_ref idref="fl-f"/>
      </object_component>
      <object_component id="oc-b7">
         <name>.debug_frame</name>
         <load_address>0xd94</load_address>
         <run_address>0xd94</run_address>
         <size>0x4a</size>
         <input_file_ref idref="fl-14a"/>
      </object_component>
      <object_component id="oc-bd">
         <name>.debug_frame</name>
         <load_address>0xdde</load_address>
         <run_address>0xdde</run_address>
         <size>0x10f</size>
         <input_file_ref idref="fl-13"/>
      </object_component>
      <object_component id="oc-c2">
         <name>.debug_frame</name>
         <load_address>0xeed</load_address>
         <run_address>0xeed</run_address>
         <size>0x1d0</size>
         <input_file_ref idref="fl-12"/>
      </object_component>
      <object_component id="oc-c7">
         <name>.debug_frame</name>
         <load_address>0x10bd</load_address>
         <run_address>0x10bd</run_address>
         <size>0x1ed</size>
         <input_file_ref idref="fl-e"/>
      </object_component>
      <object_component id="oc-cc">
         <name>.debug_frame</name>
         <load_address>0x12aa</load_address>
         <run_address>0x12aa</run_address>
         <size>0x18d</size>
         <input_file_ref idref="fl-d"/>
      </object_component>
      <object_component id="oc-d1">
         <name>.debug_frame</name>
         <load_address>0x1437</load_address>
         <run_address>0x1437</run_address>
         <size>0x67</size>
         <input_file_ref idref="fl-18"/>
      </object_component>
      <object_component id="oc-1aa">
         <name>.debug_frame</name>
         <load_address>0x149e</load_address>
         <run_address>0x149e</run_address>
         <size>0x61</size>
         <input_file_ref idref="fl-151"/>
      </object_component>
      <object_component id="oc-f">
         <name>.debug_aranges</name>
         <load_address>0x0</load_address>
         <run_address>0x0</run_address>
         <size>0x20</size>
         <input_file_ref idref="fl-4"/>
      </object_component>
      <object_component id="oc-12">
         <name>.debug_aranges</name>
         <load_address>0x20</load_address>
         <run_address>0x20</run_address>
         <size>0x20</size>
         <input_file_ref idref="fl-147"/>
      </object_component>
      <object_component id="oc-19">
         <name>.debug_aranges</name>
         <load_address>0x40</load_address>
         <run_address>0x40</run_address>
         <size>0x20</size>
         <input_file_ref idref="fl-149"/>
      </object_component>
      <object_component id="oc-1b">
         <name>.debug_aranges</name>
         <load_address>0x60</load_address>
         <run_address>0x60</run_address>
         <size>0x20</size>
         <input_file_ref idref="fl-148"/>
      </object_component>
      <object_component id="oc-24">
         <name>.debug_aranges</name>
         <load_address>0x80</load_address>
         <run_address>0x80</run_address>
         <size>0x40</size>
         <input_file_ref idref="fl-3"/>
      </object_component>
      <object_component id="oc-28">
         <name>.debug_aranges</name>
         <load_address>0xc0</load_address>
         <run_address>0xc0</run_address>
         <size>0x20</size>
         <input_file_ref idref="fl-3"/>
      </object_component>
      <object_component id="oc-2f">
         <name>.debug_aranges</name>
         <load_address>0xe0</load_address>
         <run_address>0xe0</run_address>
         <size>0x20</size>
[...]
      </symbol>
      <symbol id="sm-3d8">
         <name>SpiRxStatus</name>
         <value>0x26f0</value>
         <object_component_ref idref="oc-c9"/>
      </symbol>
      <symbol id="sm-433">
         <name>rtiEnableNotification</name>
         <value>0x3b9c</value>
         <object_component_ref idref="oc-c4"/>
      </symbol>
      <symbol id="sm-434">
         <name>rtiSetPeriod</name>
         <value>0x3db0</value>
         <object_component_ref idref="oc-c4"/>
      </symbol>
      <symbol id="sm-435">
         <name>dwdCounterEnable</name>
         <value>0x3f08</value>
         <object_component_ref idref="oc-c4"/>
      </symbol>
      <symbol id="sm-436">
         <name>dwdInit</name>
         <value>0x3e8c</value>
         <object_component_ref idref="oc-c4"/>
      </symbol>
      <symbol id="sm-437">
         <name>rtiInit</name>
         <value>0x3be0</value>
         <object_component_ref idref="oc-c4"/>
      </symbol>
      <symbol id="sm-438">
         <name>rtiGetCurrentTick</name>
         <value>0x3e00</value>
         <object_component_ref idref="oc-c4"/>
      </symbol>
      <symbol id="sm-439">
         <name>IsdwdKeySequenceCorrect</name>
         <value>0x3f6c</value>
         <object_component_ref idref="oc-c4"/>
      </symbol>
      <symbol id="sm-43a">
         <name>dwwdGetCurrentDownCounter</name>
         <value>0x3efc</value>
         <object_component_ref idref="oc-c4"/>
      </symbol>
      <symbol id="sm-43b">
         <name>dwwdInit</name>
         <value>0x3eb4</value>
         <object_component_ref idref="oc-c4"/>
      </symbol>
      <symbol id="sm-43c">
         <name>dwdReset</name>
         <value>0x3f34</value>
         <object_component_ref idref="oc-c4"/>
      </symbol>
      <symbol id="sm-43d">
         <name>rtiCompare0Interrupt</name>
         <value>0x6a50</value>
         <object_component_ref idref="oc-34"/>
      </symbol>
      <symbol id="sm-43e">
         <name>dwdGetViolationStatus</name>
         <value>0x3fe4</value>
         <object_component_ref idref="oc-c4"/>
      </symbol>
      <symbol id="sm-43f">
         <name>rtiStopCounter</name>
         <value>0x3d00</value>
         <object_component_ref idref="oc-c4"/>
      </symbol>
      <symbol id="sm-440">
         <name>rtiDisableNotification</name>
         <value>0x3bc4</value>
         <object_component_ref idref="oc-c4"/>
      </symbol>
      <symbol id="sm-441">
         <name>dwdSetPreload</name>
         <value>0x3f18</value>
         <object_component_ref idref="oc-c4"/>
      </symbol>
      <symbol id="sm-442">
         <name>dwdGenerateSysReset</name>
         <value>0x3f50</value>
         <object_component_ref idref="oc-c4"/>
      </symbol>
      <symbol id="sm-443">
         <name>dwdGetStatus</name>
         <value>0x3fa0</value>
         <object_component_ref idref="oc-c4"/>
      </symbol>
      <symbol id="sm-444">
         <name>rtiStartCounter</name>
         <value>0x3cd4</value>
         <object_component_ref idref="oc-c4"/>
      </symbol>
      <symbol id="sm-445">
         <name>dwdClearFlag</name>
         <value>0x3fd4</value>
         <object_component_ref idref="oc-c4"/>
      </symbol>
      <symbol id="sm-446">
         <name>rtiGetPeriod</name>
         <value>0x3dd8</value>
         <object_component_ref idref="oc-c4"/>
      </symbol>
      <symbol id="sm-447">
         <name>rtiGetConfigValue</name>
         <value>0x406c</value>
         <object_component_ref idref="oc-c4"/>
      </symbol>
      <symbol id="sm-448">
         <name>rtiResetCounter</name>
         <value>0x3d2c</value>
         <object_component_ref idref="oc-c4"/>
      </symbol>
      <symbol id="sm-460">
         <name>muxInit</name>
         <value>0x6730</value>
         <object_component_ref idref="oc-a5"/>
      </symbol>
      <symbol id="sm-476">
         <name>pwmNotification</name>
         <value>0x661c</value>
         <object_component_ref idref="oc-7e"/>
      </symbol>
      <symbol id="sm-477">
         <name>memoryPort1TestFailNotification</name>
         <value>0x65b8</value>
         <object_component_ref idref="oc-7e"/>
      </symbol>
      <symbol id="sm-478">
         <name>memoryPort0TestFailNotification</name>
         <value>0x659c</value>
         <object_component_ref idref="oc-7e"/>
      </symbol>
      <symbol id="sm-479">
         <name>spiNotification</name>
         <value>0x65f8</value>
         <object_component_ref idref="oc-7e"/>
      </symbol>
      <symbol id="sm-47a">
         <name>esmGroup2Notification</name>
         <value>0x658c</value>
         <object_component_ref idref="oc-7e"/>
      </symbol>
      <symbol id="sm-47b">
         <name>spiEndNotification</name>
         <value>0x660c</value>
         <object_component_ref idref="oc-7e"/>
      </symbol>
      <symbol id="sm-47c">
         <name>edgeNotification</name>
         <value>0x6634</value>
         <object_component_ref idref="oc-7e"/>
      </symbol>
      <symbol id="sm-47d">
         <name>esmGroup1Notification</name>
         <value>0x657c</value>
         <object_component_ref idref="oc-7e"/>
      </symbol>
      <symbol id="sm-47e">
         <name>hetNotification</name>
         <value>0x6648</value>
         <object_component_ref idref="oc-7e"/>
      </symbol>
      <symbol id="sm-47f">
         <name>gioNotification</name>
         <value>0x65e4</value>
         <object_component_ref idref="oc-7e"/>
      </symbol>
      <symbol id="sm-4d4">
         <name>pwmStart</name>
         <value>0x2aa4</value>
         <object_component_ref idref="oc-bf"/>
      </symbol>
      <symbol id="sm-4d5">
         <name>hetResetTimestamp</name>
         <value>0x311c</value>
         <object_component_ref idref="oc-bf"/>
      </symbol>
      <symbol id="sm-4d6">
         <name>hetGetTimestamp</name>
         <value>0x3138</value>
         <object_component_ref idref="oc-bf"/>
      </symbol>
      <symbol id="sm-4d7">
         <name>pwmGetSignal</name>
         <value>0x2db8</value>
         <object_component_ref idref="oc-bf"/>
      </symbol>
      <symbol id="sm-4d8">
         <name>pwmSetDuty</name>
         <value>0x2b0c</value>
         <object_component_ref idref="oc-bf"/>
      </symbol>
      <symbol id="sm-4d9">
         <name>pwmStop</name>
         <value>0x2ad8</value>
         <object_component_ref idref="oc-bf"/>
      </symbol>
      <symbol id="sm-4da">
         <name>pwmDisableNotification</name>
         <value>0x2f10</value>
         <object_component_ref idref="oc-bf"/>
      </symbol>
      <symbol id="sm-4db">
         <name>het1GetConfigValue</name>
         <value>0x3150</value>
         <object_component_ref idref="oc-bf"/>
      </symbol>
      <symbol id="sm-4dc">
         <name>pwmSetSignal</name>
         <value>0x2c50</value>
         <object_component_ref idref="oc-bf"/>
      </symbol>
      <symbol id="sm-4dd">
         <name>edgeDisableNotification</name>
         <value>0x2fd4</value>
         <object_component_ref idref="oc-bf"/>
      </symbol>
      <symbol id="sm-4de">
         <name>capGetSignal</name>
         <value>0x3014</value>
         <object_component_ref idref="oc-bf"/>
      </symbol>
      <symbol id="sm-4df">
         <name>pwmEnableNotification</name>
         <value>0x2ec8</value>
         <object_component_ref idref="oc-bf"/>
      </symbol>
      <symbol id="sm-4e0">
         <name>edgeResetCounter</name>
         <value>0x2f40</value>
         <object_component_ref idref="oc-bf"/>
      </symbol>
      <symbol id="sm-4e1">
         <name>edgeGetCounter</name>
         <value>0x2f6c</value>
         <object_component_ref idref="oc-bf"/>
      </symbol>
      <symbol id="sm-4e2">
         <name>edgeEnableNotification</name>
         <value>0x2f98</value>
         <object_component_ref idref="oc-bf"/>
      </symbol>
      <symbol id="sm-4e3">
         <name>hetInit</name>
         <value>0x29e4</value>
         <object_component_ref idref="oc-bf"/>
      </symbol>
      <symbol id="sm-515">
         <name>gioInit</name>
         <value>0x4df8</value>
         <object_component_ref idref="oc-ba"/>
      </symbol>
      <symbol id="sm-516">
         <name>gioSetDirection</name>
         <value>0x4ec8</value>
         <object_component_ref idref="oc-ba"/>
      </symbol>
      <symbol id="sm-517">
         <name>gioDisableNotification</name>
         <value>0x5058</value>
         <object_component_ref idref="oc-ba"/>
      </symbol>
      <symbol id="sm-518">
         <name>gioSetPort</name>
         <value>0x4f38</value>
         <object_component_ref idref="oc-ba"/>
      </symbol>
      <symbol id="sm-519">
         <name>gioGetConfigValue</name>
         <value>0x50c0</value>
         <object_component_ref idref="oc-ba"/>
      </symbol>
      <symbol id="sm-51a">
         <name>gioEnableNotification</name>
         <value>0x4ff0</value>
         <object_component_ref idref="oc-ba"/>
      </symbol>
      <symbol id="sm-51b">
         <name>gioToggleBit</name>
         <value>0x4f98</value>
         <object_component_ref idref="oc-ba"/>
      </symbol>
      <symbol id="sm-51c">
         <name>gioGetBit</name>
         <value>0x4f58</value>
         <object_component_ref idref="oc-ba"/>
      </symbol>
      <symbol id="sm-51d">
         <name>gioSetBit</name>
         <value>0x4ee8</value>
         <object_component_ref idref="oc-ba"/>
      </symbol>
      <symbol id="sm-51e">
         <name>gioGetPort</name>
         <value>0x4f80</value>
         <object_component_ref idref="oc-ba"/>
      </symbol>
      <symbol id="sm-56e">
         <name>esmClearStatus</name>
         <value>0x4490</value>
         <object_component_ref idref="oc-4c"/>
      </symbol>
      <symbol id="sm-56f">
         <name>esmInit</name>
         <value>0x41f4</value>
         <object_component_ref idref="oc-4c"/>
      </symbol>
      <symbol id="sm-570">
         <name>esmGetStatus</name>
         <value>0x451c</value>
         <object_component_ref idref="oc-4c"/>
      </symbol>
      <symbol id="sm-571">
         <name>esmSelfTestStatus</name>
         <value>0x4664</value>
         <object_component_ref idref="oc-4c"/>
      </symbol>
      <symbol id="sm-572">
         <name>esmGetStatusBuffer</name>
         <value>0x4590</value>
         <object_component_ref idref="oc-4c"/>
      </symbol>
      <symbol id="sm-573">
         <name>esmDisableError</name>
         <value>0x4368</value>
         <object_component_ref idref="oc-4c"/>
      </symbol>
      <symbol id="sm-574">
         <name>esmEnterSelfTest</name>
         <value>0x45f0</value>
         <object_component_ref idref="oc-4c"/>
      </symbol>
      <symbol id="sm-575">
         <name>esmError</name>
         <value>0x4320</value>
         <object_component_ref idref="oc-4c"/>
      </symbol>
      <symbol id="sm-576">
         <name>esmSetCounterPreloadValue</name>
         <value>0x44fc</value>
         <object_component_ref idref="oc-4c"/>
      </symbol>
      <symbol id="sm-577">
         <name>esmSetInterruptLevel</name>
         <value>0x440c</value>
         <object_component_ref idref="oc-4c"/>
      </symbol>
      <symbol id="sm-578">
         <name>esmHighInterrupt</name>
         <value>0x623c</value>
         <object_component_ref idref="oc-39"/>
      </symbol>
      <symbol id="sm-579">
         <name>esmClearStatusBuffer</name>
         <value>0x44d0</value>
         <object_component_ref idref="oc-4c"/>
      </symbol>
      <symbol id="sm-57a">
         <name>esmEnableInterrupt</name>
         <value>0x43b4</value>
         <object_component_ref idref="oc-4c"/>
      </symbol>
      <symbol id="sm-57b">
         <name>esmActivateNormalOperation</name>
         <value>0x43a4</value>
         <object_component_ref idref="oc-4c"/>
      </symbol>
      <symbol id="sm-57c">
         <name>esmEnableError</name>
         <value>0x433c</value>
         <object_component_ref idref="oc-4c"/>
      </symbol>
      <symbol id="sm-57d">
         <name>esmTriggerErrorPinReset</name>
         <value>0x4394</value>
         <object_component_ref idref="oc-4c"/>
      </symbol>
      <symbol id="sm-57e">
         <name>esmDisableInterrupt</name>
         <value>0x43e0</value>
         <object_component_ref idref="oc-4c"/>
      </symbol>
      <symbol id="sm-57f">
         <name>esmGetConfigValue</name>
         <value>0x46b4</value>
         <object_component_ref idref="oc-4c"/>
      </symbol>
      <symbol id="sm-595">
         <name>_dabort</name>
         <value>0x6494</value>
         <object_component_ref idref="oc-98"/>
      </symbol>
      <symbol id="sm-5c1">
         <name>bufferSetCharacter</name>
         <value>0x5b28</value>
         <object_component_ref idref="oc-ce"/>
      </symbol>
      <symbol id="sm-5c2">
         <name>textFormat</name>
         <value>0x8001798</value>
         <object_component_ref idref="oc-197"/>
      </symbol>
      <symbol id="sm-5c3">
         <name>bufferSetString</name>
         <value>0x5be4</value>
         <object_component_ref idref="oc-ce"/>
      </symbol>
      <symbol id="sm-61d">
         <name>config</name>
         <value>0x8001758</value>
      </symbol>
      <symbol id="sm-61e">
         <name>setCursor</name>
         <value>0x4a18</value>
         <object_component_ref idref="oc-9d"/>
      </symbol>
      <symbol id="sm-61f">
         <name>setLine</name>
         <value>0x4ab8</value>
         <object_component_ref idref="oc-9d"/>
      </symbol>
      <symbol id="sm-620">
         <name>displayBuffer</name>
         <value>0x8001500</value>
         <object_component_ref idref="oc-12d"/>
      </symbol>
      <symbol id="sm-621">
         <name>setColumn</name>
         <value>0x4a80</value>
         <object_component_ref idref="oc-9d"/>
      </symbol>
      <symbol id="sm-622">
         <name>rtiNotification</name>
         <value>0x4cd8</value>
         <object_component_ref idref="oc-9d"/>
      </symbol>
      <symbol id="sm-623">
         <name>clearBuffer</name>
         <value>0x4af0</value>
         <object_component_ref idref="oc-9d"/>
      </symbol>
      <symbol id="sm-624">
         <name>ckDelay</name>
         <value>0x49dc</value>
         <object_component_ref idref="oc-9d"/>
      </symbol>
      <symbol id="sm-625">
         <name>writeData</name>
         <value>0x48c4</value>
         <object_component_ref idref="oc-9d"/>
      </symbol>
      <symbol id="sm-626">
         <name>setBacklight</name>
         <value>0x49a8</value>
         <object_component_ref idref="oc-9d"/>
      </symbol>
      <symbol id="sm-627">
         <name>displayInit</name>
         <value>0x4814</value>
         <object_component_ref idref="oc-9d"/>
      </symbol>
      <symbol id="sm-628">
         <name>rtiBreak</name>
         <value>0x8001794</value>
         <object_component_ref idref="oc-12b"/>
      </symbol>
      <symbol id="sm-629">
         <name>sendBuffer</name>
         <value>0x4b5c</value>
         <object_component_ref idref="oc-9d"/>
      </symbol>
      <symbol id="sm-62a">
         <name>resetDisplay</name>
         <value>0x497c</value>
         <object_component_ref idref="oc-9d"/>
      </symbol>
      <symbol id="sm-62b">
         <name>clearDisplay</name>
         <value>0x4918</value>
         <object_component_ref idref="oc-9d"/>
      </symbol>
      <symbol id="sm-62c">
         <name>bufferSetBit</name>
         <value>0x4c00</value>
         <object_component_ref idref="oc-9d"/>
      </symbol>
      <symbol id="sm-62d">
         <name>bufferSetByte</name>
         <value>0x4ba4</value>
         <object_component_ref idref="oc-9d"/>
      </symbol>
      <symbol id="sm-62e">
         <name>demo2</name>
         <value>0x4d68</value>
         <object_component_ref idref="oc-9d"/>
      </symbol>
      <symbol id="sm-62f">
         <name>demo</name>
         <value>0x4d04</value>
         <object_component_ref idref="oc-9d"/>
      </symbol>
      <symbol id="sm-649">
         <name>__TI_auto_init</name>
         <value>0x665c</value>
         <object_component_ref idref="oc-51"/>
      </symbol>
      <symbol id="sm-65f">
         <name>__TI_decompress_none</name>
         <value>0x6ab8</value>
         <object_component_ref idref="oc-10"/>
      </symbol>
      <symbol id="sm-67f">
         <name>__TI_decompress_rle24</name>
         <value>0x6acc</value>
         <object_component_ref idref="oc-1a"/>
      </symbol>
      <symbol id="sm-691">
         <name>__TI_zero_init</name>
         <value>0x6a98</value>
         <object_component_ref idref="oc-15"/>
      </symbol>
      <symbol id="sm-6a9">
         <name>copy_in</name>
         <value>0x6888</value>
         <object_component_ref idref="oc-b4"/>
      </symbol>
      <symbol id="sm-6c6">
         <name>C$$EXIT</name>
         <value>0x6908</value>
         <object_component_ref idref="oc-5a"/>
      </symbol>
      <symbol id="sm-6c7">
         <name>abort</name>
         <value>0x6910</value>
         <object_component_ref idref="oc-5a"/>
      </symbol>
      <symbol id="sm-6c8">
         <name>exit</name>
         <value>0x691c</value>
         <object_component_ref idref="oc-5a"/>
      </symbol>
      <symbol id="sm-6c9">
         <name>__TI_dtors_ptr</name>
         <value>0x8001790</value>
         <object_component_ref idref="oc-d8"/>
      </symbol>
      <symbol id="sm-6ca">
         <name>__TI_cleanup_ptr</name>
         <value>0x800178c</value>
         <object_component_ref idref="oc-d8"/>
      </symbol>
      <symbol id="sm-6dd">
         <name>__aeabi_ddiv</name>
         <value>0x5f2c</value>
         <object_component_ref idref="oc-177"/>
      </symbol>
      <symbol id="sm-6e7">
         <name>__aeabi_dmul</name>
         <value>0x636c</value>
         <object_component_ref idref="oc-173"/>
      </symbol>
      <symbol id="sm-6f0">
         <name>__aeabi_d2uiz</name>
         <value>0x6980</value>
         <object_component_ref idref="oc-17b"/>
      </symbol>
      <symbol id="sm-708">
         <name>memcpy</name>
         <value>0x60bc</value>
         <object_component_ref idref="oc-60"/>
      </symbol>
      <symbol id="sm-709">
         <name>__aeabi_memcpy</name>
         <value>0x60bc</value>
         <object_component_ref idref="oc-60"/>
      </symbol>
      <symbol id="sm-70a">
         <name>__aeabi_memcpy8</name>
         <value>0x60bc</value>
         <object_component_ref idref="oc-60"/>
      </symbol>
      <symbol id="sm-70b">
         <name>__aeabi_memcpy4</name>
         <value>0x60bc</value>
         <object_component_ref idref="oc-60"/>
      </symbol>
      <symbol id="sm-714">
         <name>__aeabi_ui2d</name>
         <value>0x6a1c</value>
         <object_component_ref idref="oc-16f"/>
      </symbol>
      <symbol id="sm-72b">
         <name>_nop</name>
         <value>0x6a8c</value>
         <object_component_ref idref="oc-1a7"/>
      </symbol>
      <symbol id="sm-72c">
         <name>_lock</name>
         <value>0x8001784</value>
         <object_component_ref idref="oc-d6"/>
      </symbol>
      <symbol id="sm-72d">
         <name>_unlock</name>
         <value>0x8001788</value>
         <object_component_ref idref="oc-d6"/>
      </symbol>
      <symbol id="sm-72e">
         <name>_register_lock</name>
         <value>0x6a80</value>
         <object_component_ref idref="oc-1a7"/>
      </symbol>
      <symbol id="sm-72f">
         <name>_register_unlock</name>
         <value>0x6a74</value>
         <object_component_ref idref="oc-1a7"/>
      </symbol>
      <symbol id="sm-730">
         <name>__TI_static_base__</name>
         <value>0x0</value>
      </symbol>
      <symbol id="sm-731">
         <name>SHT$$INIT_ARRAY$$Limit</name>
         <value>0x0</value>
      </symbol>
      <symbol id="sm-732">
         <name>SHT$$INIT_ARRAY$$Base</name>
         <value>0x0</value>
      </symbol>
   </symbol_table>
   <title>Link successful</title>
</link_info>
